// Jest Snapshot v1, https://goo.gl/fbAQLP

exports[`renders correctly 1`] = `
<div
  className="App"
>
  <div
    className="wrapper"
  >
    <div>
      <label>
        Name: 
      </label>
      <input
        onChange={[Function]}
      />
      <div
        className="signIn"
      >
        <button
          onClick={[Function]}
        >
          Sign In 
        </button>
      </div>
    </div>
  </div>
</div>
`;
